Clock: clk
Sources: wb_clk_i 
Generated: no
Virtual: yes
Propagated: no
Period: 30.000000

===========================================================================
report_clock_properties
============================================================================
Clock                   Period          Waveform
----------------------------------------------------
clk                  30.000000    0.000000 15.000000

===========================================================================
report_clock_latency
============================================================================
Clock clk
rise -> rise
    min     max
4.650000 5.570000 source latency
5.406947         network latency _7004_/CLK
        6.816956 network latency mprj.synapse_matrix_inst.X1_inst/wb_clk_i
---------------
10.056947 12.386956 latency
        2.330009 skew

fall -> fall
    min     max
4.650000 5.570000 source latency
5.530534         network latency _7004_/CLK
        6.892767 network latency mprj.synapse_matrix_inst.X1_inst/wb_clk_i
---------------
10.180534 12.462768 latency
        2.282233 skew



===========================================================================
report_clock_min_period
============================================================================
clk period_min = 9.08 fmax = 110.15
