
===========================================================================
 report_power
============================================================================
======================= min_ff_n40C_1v95 Corner ===================================

Group                    Internal    Switching      Leakage        Total
                            Power        Power        Power        Power (Watts)
------------------------------------------------------------------------
Sequential           2.513720e-03 1.486269e-04 1.641574e-08 2.662363e-03  15.5%
Combinational        7.202516e-03 4.197194e-03 2.154929e-07 1.139993e-02  66.3%
Clock                1.617948e-03 1.254924e-03 2.836945e-08 2.872900e-03  16.7%
Macro                2.618133e-04 9.060379e-07 2.302500e-09 2.627217e-04   1.5%
Pad                  0.000000e+00 0.000000e+00 0.000000e+00 0.000000e+00   0.0%
------------------------------------------------------------------------
Total                1.159595e-02 5.601661e-03 2.625828e-07 1.719787e-02 100.0%
                            67.4%        32.6%         0.0%

