Clock: clk
Sources: wb_clk_i 
Generated: no
Virtual: yes
Propagated: no
Period: 30.000000

===========================================================================
report_clock_properties
============================================================================
Clock                   Period          Waveform
----------------------------------------------------
clk                  30.000000    0.000000 15.000000

===========================================================================
report_clock_latency
============================================================================
Clock clk
rise -> rise
    min     max
4.650000 5.570000 source latency
5.447429         network latency _09771_/CLK
        6.984670 network latency mprj.synapse_matrix_inst.X1_inst/wb_clk_i
---------------
10.097429 12.554669 latency
        2.457241 skew

fall -> fall
    min     max
4.650000 5.570000 source latency
5.618647         network latency _09771_/CLK
        7.110702 network latency mprj.synapse_matrix_inst.X1_inst/wb_clk_i
---------------
10.268646 12.680701 latency
        2.412055 skew



===========================================================================
report_clock_min_period
============================================================================
clk period_min = 7.74 fmax = 129.12
