
===========================================================================
 report_power
============================================================================
======================= max_ff_n40C_1v95 Corner ===================================

Group                    Internal    Switching      Leakage        Total
                            Power        Power        Power        Power (Watts)
------------------------------------------------------------------------
Sequential           2.364966e-03 1.435200e-04 1.696293e-08 2.508503e-03  17.7%
Combinational        3.605780e-03 4.358151e-03 1.191320e-07 7.964050e-03  56.3%
Clock                1.929475e-03 1.471692e-03 3.132336e-08 3.401199e-03  24.1%
Macro                2.618133e-04 1.305125e-06 2.302500e-09 2.631208e-04   1.9%
Pad                  0.000000e+00 0.000000e+00 0.000000e+00 0.000000e+00   0.0%
------------------------------------------------------------------------
Total                8.162039e-03 5.974659e-03 1.697291e-07 1.413687e-02 100.0%
                            57.7%        42.3%         0.0%

