Clock: clk
Sources: wb_clk_i 
Generated: no
Virtual: yes
Propagated: no
Period: 30.000000

===========================================================================
report_clock_properties
============================================================================
Clock                   Period          Waveform
----------------------------------------------------
clk                  30.000000    0.000000 15.000000

===========================================================================
report_clock_latency
============================================================================
Clock clk
rise -> rise
    min     max
4.650000 5.570000 source latency
5.765081         network latency _09771_/CLK
        7.497382 network latency mprj.synapse_matrix_inst.X1_inst/wb_clk_i
---------------
10.415082 13.067382 latency
        2.652301 skew

fall -> fall
    min     max
4.650000 5.570000 source latency
5.852863         network latency _09771_/CLK
        7.446874 network latency mprj.synapse_matrix_inst.X1_inst/wb_clk_i
---------------
10.502863 13.016873 latency
        2.514010 skew



===========================================================================
report_clock_min_period
============================================================================
clk period_min = 11.24 fmax = 88.94
