
===========================================================================
 report_power
============================================================================
======================= nom_tt_025C_1v80 Corner ===================================

Group                    Internal    Switching      Leakage        Total
                            Power        Power        Power        Power (Watts)
------------------------------------------------------------------------
Sequential           2.170832e-03 1.250716e-04 1.352478e-08 2.295917e-03  15.3%
Combinational        6.149312e-03 3.766462e-03 5.204344e-08 9.915827e-03  66.1%
Clock                1.411035e-03 1.119098e-03 1.427191e-08 2.530148e-03  16.9%
Macro                2.618133e-04 1.000720e-06 2.302500e-09 2.628163e-04   1.8%
Pad                  0.000000e+00 0.000000e+00 0.000000e+00 0.000000e+00   0.0%
------------------------------------------------------------------------
Total                9.992999e-03 5.011633e-03 8.213830e-08 1.500471e-02 100.0%
                            66.6%        33.4%         0.0%

