
===========================================================================
 report_power
============================================================================
======================= nom_tt_025C_1v80 Corner ===================================

Group                    Internal    Switching      Leakage        Total
                            Power        Power        Power        Power (Watts)
------------------------------------------------------------------------
Sequential           2.039950e-03 1.133804e-04 1.393986e-08 2.153344e-03  18.1%
Combinational        3.126550e-03 3.487029e-03 3.476590e-08 6.613615e-03  55.6%
Clock                1.679747e-03 1.184022e-03 1.484605e-08 2.863784e-03  24.1%
Macro                2.618133e-04 1.258637e-06 2.302500e-09 2.630743e-04   2.2%
Pad                  0.000000e+00 0.000000e+00 0.000000e+00 0.000000e+00   0.0%
------------------------------------------------------------------------
Total                7.108049e-03 4.785690e-03 6.585364e-08 1.189381e-02 100.0%
                            59.8%        40.2%         0.0%

