Clock: clk
Sources: wb_clk_i 
Generated: no
Virtual: yes
Propagated: no
Period: 30.000000

===========================================================================
report_clock_properties
============================================================================
Clock                   Period          Waveform
----------------------------------------------------
clk                  30.000000    0.000000 15.000000

===========================================================================
report_clock_latency
============================================================================
Clock clk
rise -> rise
    min     max
4.650000 5.570000 source latency
6.438640         network latency _09771_/CLK
        8.625231 network latency mprj.synapse_matrix_inst.X1_inst/wb_clk_i
---------------
11.088639 14.195230 latency
        3.106591 skew

fall -> fall
    min     max
4.650000 5.570000 source latency
6.426609         network latency _09771_/CLK
        8.371742 network latency mprj.synapse_matrix_inst.X1_inst/wb_clk_i
---------------
11.076609 13.941742 latency
        2.865134 skew



===========================================================================
report_clock_min_period
============================================================================
clk period_min = 20.66 fmax = 48.41
