Clock: clk
Sources: wb_clk_i 
Generated: no
Virtual: yes
Propagated: no
Period: 30.000000

===========================================================================
report_clock_properties
============================================================================
Clock                   Period          Waveform
----------------------------------------------------
clk                  30.000000    0.000000 15.000000

===========================================================================
report_clock_latency
============================================================================
Clock clk
rise -> rise
    min     max
4.650000 5.570000 source latency
6.573684         network latency _7004_/CLK
        8.691710 network latency mprj.synapse_matrix_inst.X1_inst/wb_clk_i
---------------
11.223683 14.261710 latency
        3.038027 skew

fall -> fall
    min     max
4.650000 5.570000 source latency
6.513720         network latency _7004_/CLK
        8.423428 network latency mprj.synapse_matrix_inst.X1_inst/wb_clk_i
---------------
11.163719 13.993427 latency
        2.829708 skew



===========================================================================
report_clock_min_period
============================================================================
clk period_min = 27.42 fmax = 36.46
