
===========================================================================
 report_power
============================================================================
======================= min_ss_100C_1v60 Corner ===================================

Group                    Internal    Switching      Leakage        Total
                            Power        Power        Power        Power (Watts)
------------------------------------------------------------------------
Sequential           1.581237e-03 8.308207e-05 2.096529e-05 1.685284e-03  18.1%
Combinational        2.479785e-03 2.581129e-03 4.229862e-05 5.103213e-03  54.8%
Clock                1.366270e-03 8.825433e-04 6.342866e-06 2.255156e-03  24.2%
Macro                2.618133e-04 1.155223e-06 2.302500e-09 2.629709e-04   2.8%
Pad                  0.000000e+00 0.000000e+00 0.000000e+00 0.000000e+00   0.0%
------------------------------------------------------------------------
Total                5.689116e-03 3.547907e-03 6.960769e-05 9.306631e-03 100.0%
                            61.1%        38.1%         0.7%

