
===========================================================================
 report_power
============================================================================
======================= min_ss_100C_1v60 Corner ===================================

Group                    Internal    Switching      Leakage        Total
                            Power        Power        Power        Power (Watts)
------------------------------------------------------------------------
Sequential           1.690654e-03 9.165271e-05 2.118712e-05 1.803494e-03  15.4%
Combinational        4.819500e-03 2.771124e-03 6.564568e-05 7.656270e-03  65.4%
Clock                1.147957e-03 8.312030e-04 5.441561e-06 1.984601e-03  17.0%
Macro                2.618133e-04 9.077282e-07 2.302500e-09 2.627234e-04   2.2%
Pad                  0.000000e+00 0.000000e+00 0.000000e+00 0.000000e+00   0.0%
------------------------------------------------------------------------
Total                7.919949e-03 3.694880e-03 9.227345e-05 1.170710e-02 100.0%
                            67.7%        31.6%         0.8%

