
===========================================================================
Violator List
============================================================================
[setup in-reg] wbs_dat_i[28] -> _7468_/D : -1.538208
[setup in-reg] wbs_dat_i[28] -> _7724_/D : -1.509822
[setup in-reg] wbs_dat_i[28] -> _7932_/D : -1.503761
[setup in-reg] wbs_dat_i[28] -> _7564_/D : -1.494374
[setup in-reg] wbs_dat_i[28] -> _7260_/D : -1.363123
[setup in-reg] wbs_dat_i[28] -> _7788_/D : -1.338115
[setup in-reg] wbs_dat_i[28] -> _7404_/D : -1.336229
[setup in-reg] wbs_dat_i[28] -> _7660_/D : -1.327823
[setup in-reg] wbs_dat_i[28] -> _7676_/D : -1.074145
[setup in-reg] wbs_dat_i[28] -> _7852_/D : -1.034749
[setup in-reg] wbs_dat_i[28] -> _7820_/D : -1.018044
[setup in-reg] wbs_dat_i[28] -> _7900_/D : -0.998671
[setup in-reg] wbs_dat_i[28] -> _7164_/D : -0.997112
[setup in-reg] wbs_dat_i[28] -> _7132_/D : -0.969596
[setup in-reg] wbs_dat_i[28] -> _7933_/D : -0.786642
[setup in-reg] wbs_dat_i[28] -> _7741_/D : -0.771191
[setup in-reg] wbs_dat_i[28] -> _7245_/D : -0.767525
[setup in-reg] wbs_dat_i[28] -> _7949_/D : -0.760345
[setup in-reg] wbs_dat_i[28] -> _7645_/D : -0.750454
[setup in-reg] wbs_dat_i[28] -> _7405_/D : -0.750251
[setup in-reg] wbs_dat_i[28] -> _7341_/D : -0.750116
[setup in-reg] wbs_dat_i[28] -> _7501_/D : -0.722387
[setup in-reg] wbs_dat_i[28] -> _7904_/D : -0.714607
[setup in-reg] wbs_dat_i[28] -> _7165_/D : -0.712742
[setup in-reg] wbs_dat_i[28] -> _7277_/D : -0.709239
[setup in-reg] wbs_dat_i[28] -> _7373_/D : -0.699703
[setup in-reg] wbs_dat_i[28] -> _7101_/D : -0.698574
[setup in-reg] wbs_dat_i[28] -> _7117_/D : -0.696893
[setup in-reg] wbs_dat_i[28] -> _7677_/D : -0.694183
[setup in-reg] wbs_dat_i[28] -> _7520_/D : -0.645173
[setup in-reg] wbs_dat_i[28] -> _7760_/D : -0.628035
[setup in-reg] wbs_dat_i[28] -> _7085_/D : -0.622446
[setup in-reg] wbs_dat_i[28] -> _7040_/D : -0.620293
[setup in-reg] wbs_dat_i[28] -> _7872_/D : -0.615096
[setup in-reg] wbs_dat_i[28] -> _7293_/D : -0.611433
[setup in-reg] wbs_dat_i[28] -> _7840_/D : -0.604555
[setup in-reg] wbs_dat_i[28] -> _7120_/D : -0.602117
[setup in-reg] wbs_dat_i[28] -> _7808_/D : -0.592284
[setup in-reg] wbs_dat_i[28] -> _7536_/D : -0.590262
[setup in-reg] wbs_dat_i[28] -> _7517_/D : -0.582052
[setup in-reg] wbs_dat_i[28] -> _7456_/D : -0.580506
[setup in-reg] wbs_dat_i[28] -> _7024_/D : -0.573760
[setup in-reg] wbs_dat_i[28] -> _7037_/D : -0.567539
[setup in-reg] wbs_dat_i[28] -> _7757_/D : -0.567358
[setup in-reg] wbs_dat_i[28] -> _7936_/D : -0.559112
[setup in-reg] wbs_dat_i[28] -> _7824_/D : -0.557794
[setup in-reg] wbs_dat_i[28] -> _7968_/D : -0.546830
[setup in-reg] wbs_dat_i[28] -> _7661_/D : -0.545377
[setup in-reg] wbs_dat_i[28] -> _7837_/D : -0.543974
[setup in-reg] wbs_dat_i[28] -> _6926_/D : -0.537938
[setup in-reg] wbs_dat_i[28] -> _7616_/D : -0.537678
[setup in-reg] wbs_dat_i[28] -> _7133_/D : -0.534893
[setup in-reg] wbs_dat_i[28] -> _7821_/D : -0.534431
[setup in-reg] wbs_dat_i[28] -> _7964_/D : -0.532683
[setup in-reg] wbs_dat_i[28] -> _7005_/D : -0.532307
[setup in-reg] wbs_dat_i[28] -> _7792_/D : -0.527493
[setup in-reg] wbs_dat_i[28] -> _7853_/D : -0.527056
[setup in-reg] wbs_dat_i[28] -> _7452_/D : -0.521975
[setup in-reg] wbs_dat_i[28] -> _7805_/D : -0.518924
[setup in-reg] wbs_dat_i[28] -> _7453_/D : -0.512681
[setup in-reg] wbs_dat_i[28] -> _7789_/D : -0.505533
[setup in-reg] wbs_dat_i[28] -> _7244_/D : -0.499973
[setup in-reg] wbs_dat_i[28] -> _7472_/D : -0.469232
[setup in-reg] wbs_dat_i[28] -> _7184_/D : -0.433403
[setup in-reg] wbs_dat_i[28] -> _7856_/D : -0.422634
[setup in-reg] wbs_dat_i[28] -> _7776_/D : -0.415948
[setup in-reg] wbs_dat_i[28] -> _7216_/D : -0.406260
[setup in-reg] wbs_dat_i[28] -> _7664_/D : -0.399140
[setup in-reg] wbs_dat_i[28] -> _7437_/D : -0.395211
[setup in-reg] wbs_dat_i[28] -> _7712_/D : -0.379842
[setup in-reg] wbs_dat_i[28] -> _7280_/D : -0.368818
[setup in-reg] wbs_dat_i[28] -> _7565_/D : -0.291195
[setup in-reg] wbs_dat_i[28] -> _7615_/D : -0.280291
[setup in-reg] wbs_dat_i[28] -> _7885_/D : -0.279726
[setup in-reg] wbs_dat_i[28] -> _7325_/D : -0.265061
[setup in-reg] wbs_dat_i[28] -> _7071_/D : -0.238522
[setup in-reg] wbs_dat_i[28] -> _7357_/D : -0.238234
[setup in-reg] wbs_dat_i[28] -> _7135_/D : -0.221938
[setup in-reg] wbs_dat_i[28] -> _7981_/D : -0.219639
[setup in-reg] wbs_dat_i[28] -> _7471_/D : -0.217877
[setup in-reg] wbs_dat_i[28] -> _7967_/D : -0.217877
[setup in-reg] wbs_dat_i[28] -> _7629_/D : -0.216026
[setup in-reg] wbs_dat_i[28] -> _7549_/D : -0.212712
[setup in-reg] wbs_dat_i[28] -> _7167_/D : -0.212097
[setup in-reg] wbs_dat_i[28] -> _7935_/D : -0.201265
[setup in-reg] wbs_dat_i[28] -> _7263_/D : -0.191591
[setup in-reg] wbs_dat_i[28] -> _6927_/D : -0.182521
[setup in-reg] wbs_dat_i[28] -> _7213_/D : -0.155111
[setup in-reg] wbs_dat_i[28] -> _7709_/D : -0.154579
[setup in-reg] wbs_dat_i[28] -> _7021_/D : -0.153584
[setup in-reg] wbs_dat_i[28] -> _7181_/D : -0.122505
[setup in-reg] wbs_dat_i[28] -> _7261_/D : -0.110596
[setup in-reg] wbs_dat_i[28] -> _6986_/D : -0.099835
[setup in-reg] wbs_dat_i[28] -> _7344_/D : -0.068244
[setup in-reg] wbs_dat_i[28] -> _7901_/D : -0.064400
[setup in-reg] wbs_dat_i[28] -> _6930_/D : -0.059590
[setup in-reg] wbs_dat_i[28] -> _7053_/D : -0.015891
[setup in-reg] wbs_dat_i[28] -> _7421_/D : -0.010633
