Clock: clk
Sources: wb_clk_i 
Generated: no
Virtual: yes
Propagated: no
Period: 30.000000

===========================================================================
report_clock_properties
============================================================================
Clock                   Period          Waveform
----------------------------------------------------
clk                  30.000000    0.000000 15.000000

===========================================================================
report_clock_latency
============================================================================
Clock clk
rise -> rise
    min     max
4.650000 5.570000 source latency
6.760916         network latency _7004_/CLK
        9.056077 network latency mprj.synapse_matrix_inst.X1_inst/wb_clk_i
---------------
11.410917 14.626077 latency
        3.215160 skew

fall -> fall
    min     max
4.650000 5.570000 source latency
6.674867         network latency _7004_/CLK
        8.735135 network latency mprj.synapse_matrix_inst.X1_inst/wb_clk_i
---------------
11.324866 14.305136 latency
        2.980268 skew



===========================================================================
report_clock_min_period
============================================================================
clk period_min = 28.45 fmax = 35.14
