
===========================================================================
 report_power
============================================================================
======================= max_ss_100C_1v60 Corner ===================================

Group                    Internal    Switching      Leakage        Total
                            Power        Power        Power        Power (Watts)
------------------------------------------------------------------------
Sequential           1.689685e-03 9.818735e-05 2.118712e-05 1.809060e-03  14.9%
Combinational        4.827193e-03 3.137113e-03 6.564568e-05 8.029952e-03  65.9%
Clock                1.148057e-03 9.245156e-04 5.441561e-06 2.078014e-03  17.1%
Macro                2.618133e-04 1.030546e-06 2.302500e-09 2.628462e-04   2.2%
Pad                  0.000000e+00 0.000000e+00 0.000000e+00 0.000000e+00   0.0%
------------------------------------------------------------------------
Total                7.926761e-03 4.160856e-03 9.227345e-05 1.217989e-02 100.0%
                            65.1%        34.2%         0.8%

