
===========================================================================
 report_power
============================================================================
======================= max_ss_100C_1v60 Corner ===================================

Group                    Internal    Switching      Leakage        Total
                            Power        Power        Power        Power (Watts)
------------------------------------------------------------------------
Sequential           1.579995e-03 9.076834e-05 2.096529e-05 1.691729e-03  17.3%
Combinational        2.481949e-03 2.922524e-03 4.229862e-05 5.446771e-03  55.9%
Clock                1.366218e-03 9.767946e-04 6.342866e-06 2.349355e-03  24.1%
Macro                2.618133e-04 1.306815e-06 2.302500e-09 2.631225e-04   2.7%
Pad                  0.000000e+00 0.000000e+00 0.000000e+00 0.000000e+00   0.0%
------------------------------------------------------------------------
Total                5.689983e-03 3.991398e-03 6.960769e-05 9.750989e-03 100.0%
                            58.4%        40.9%         0.7%

