
===========================================================================
Violator List
============================================================================
[setup in-reg] wbs_dat_i[28] -> _7468_/D : -2.217945
[setup in-reg] wbs_dat_i[28] -> _7724_/D : -2.180283
[setup in-reg] wbs_dat_i[28] -> _7932_/D : -2.174176
[setup in-reg] wbs_dat_i[28] -> _7564_/D : -2.158799
[setup in-reg] wbs_dat_i[28] -> _7260_/D : -2.074032
[setup in-reg] wbs_dat_i[28] -> _7788_/D : -2.051692
[setup in-reg] wbs_dat_i[28] -> _7404_/D : -2.045599
[setup in-reg] wbs_dat_i[28] -> _7660_/D : -2.032898
[setup in-reg] wbs_dat_i[28] -> _7676_/D : -1.726889
[setup in-reg] wbs_dat_i[28] -> _7852_/D : -1.673236
[setup in-reg] wbs_dat_i[28] -> _7820_/D : -1.648523
[setup in-reg] wbs_dat_i[28] -> _7900_/D : -1.630653
[setup in-reg] wbs_dat_i[28] -> _7164_/D : -1.627235
[setup in-reg] wbs_dat_i[28] -> _7132_/D : -1.611493
[setup in-reg] wbs_dat_i[28] -> _7933_/D : -1.294918
[setup in-reg] wbs_dat_i[28] -> _7245_/D : -1.280057
[setup in-reg] wbs_dat_i[28] -> _7741_/D : -1.266418
[setup in-reg] wbs_dat_i[28] -> _7949_/D : -1.264237
[setup in-reg] wbs_dat_i[28] -> _7341_/D : -1.263139
[setup in-reg] wbs_dat_i[28] -> _7645_/D : -1.262293
[setup in-reg] wbs_dat_i[28] -> _7405_/D : -1.241393
[setup in-reg] wbs_dat_i[28] -> _7904_/D : -1.223008
[setup in-reg] wbs_dat_i[28] -> _7165_/D : -1.215124
[setup in-reg] wbs_dat_i[28] -> _7501_/D : -1.209188
[setup in-reg] wbs_dat_i[28] -> _7277_/D : -1.203887
[setup in-reg] wbs_dat_i[28] -> _7373_/D : -1.203301
[setup in-reg] wbs_dat_i[28] -> _7677_/D : -1.191886
[setup in-reg] wbs_dat_i[28] -> _7101_/D : -1.183327
[setup in-reg] wbs_dat_i[28] -> _7117_/D : -1.178833
[setup in-reg] wbs_dat_i[28] -> _6926_/D : -1.167816
[setup in-reg] wbs_dat_i[28] -> _7964_/D : -1.154579
[setup in-reg] wbs_dat_i[28] -> _7452_/D : -1.146002
[setup in-reg] wbs_dat_i[28] -> _7520_/D : -1.128704
[setup in-reg] wbs_dat_i[28] -> _7244_/D : -1.118700
[setup in-reg] wbs_dat_i[28] -> _7872_/D : -1.109978
[setup in-reg] wbs_dat_i[28] -> _7085_/D : -1.101196
[setup in-reg] wbs_dat_i[28] -> _7840_/D : -1.100048
[setup in-reg] wbs_dat_i[28] -> _7120_/D : -1.097803
[setup in-reg] wbs_dat_i[28] -> _7040_/D : -1.095358
[setup in-reg] wbs_dat_i[28] -> _7760_/D : -1.090957
[setup in-reg] wbs_dat_i[28] -> _7536_/D : -1.088345
[setup in-reg] wbs_dat_i[28] -> _7293_/D : -1.084143
[setup in-reg] wbs_dat_i[28] -> _7808_/D : -1.077670
[setup in-reg] wbs_dat_i[28] -> _7456_/D : -1.065086
[setup in-reg] wbs_dat_i[28] -> _7037_/D : -1.052836
[setup in-reg] wbs_dat_i[28] -> _7517_/D : -1.049870
[setup in-reg] wbs_dat_i[28] -> _7936_/D : -1.041887
[setup in-reg] wbs_dat_i[28] -> _7757_/D : -1.040664
[setup in-reg] wbs_dat_i[28] -> _7968_/D : -1.034781
[setup in-reg] wbs_dat_i[28] -> _7024_/D : -1.026795
[setup in-reg] wbs_dat_i[28] -> _7824_/D : -1.024272
[setup in-reg] wbs_dat_i[28] -> _7837_/D : -1.016762
[setup in-reg] wbs_dat_i[28] -> _7616_/D : -1.013369
[setup in-reg] wbs_dat_i[28] -> _7133_/D : -1.012353
[setup in-reg] wbs_dat_i[28] -> _7792_/D : -1.005873
[setup in-reg] wbs_dat_i[28] -> _7661_/D : -1.002959
[setup in-reg] wbs_dat_i[28] -> _7853_/D : -0.993957
[setup in-reg] wbs_dat_i[28] -> _7821_/D : -0.987917
[setup in-reg] wbs_dat_i[28] -> _7005_/D : -0.982727
[setup in-reg] wbs_dat_i[28] -> _7453_/D : -0.979266
[setup in-reg] wbs_dat_i[28] -> _7805_/D : -0.978236
[setup in-reg] wbs_dat_i[28] -> _7789_/D : -0.976176
[setup in-reg] wbs_dat_i[28] -> _7472_/D : -0.935849
[setup in-reg] wbs_dat_i[28] -> _7776_/D : -0.879510
[setup in-reg] wbs_dat_i[28] -> _7615_/D : -0.868010
[setup in-reg] wbs_dat_i[28] -> _7856_/D : -0.864144
[setup in-reg] wbs_dat_i[28] -> _7437_/D : -0.861974
[setup in-reg] wbs_dat_i[28] -> _7184_/D : -0.853767
[setup in-reg] wbs_dat_i[28] -> _7216_/D : -0.842441
[setup in-reg] wbs_dat_i[28] -> _7664_/D : -0.835232
[setup in-reg] wbs_dat_i[28] -> _7071_/D : -0.827086
[setup in-reg] wbs_dat_i[28] -> _7280_/D : -0.817820
[setup in-reg] wbs_dat_i[28] -> _7712_/D : -0.816051
[setup in-reg] wbs_dat_i[28] -> _7967_/D : -0.806594
[setup in-reg] wbs_dat_i[28] -> _7135_/D : -0.796295
[setup in-reg] wbs_dat_i[28] -> _7471_/D : -0.787068
[setup in-reg] wbs_dat_i[28] -> _7167_/D : -0.785068
[setup in-reg] wbs_dat_i[28] -> _7263_/D : -0.772470
[setup in-reg] wbs_dat_i[28] -> _7935_/D : -0.765230
[setup in-reg] wbs_dat_i[28] -> _7885_/D : -0.759659
[setup in-reg] wbs_dat_i[28] -> _7565_/D : -0.741302
[setup in-reg] wbs_dat_i[28] -> _7325_/D : -0.738339
[setup in-reg] wbs_dat_i[28] -> _7357_/D : -0.715492
[setup in-reg] wbs_dat_i[28] -> _7981_/D : -0.681410
[setup in-reg] wbs_dat_i[28] -> _7549_/D : -0.664716
[setup in-reg] wbs_dat_i[28] -> _6927_/D : -0.652040
[setup in-reg] wbs_dat_i[28] -> _7629_/D : -0.638231
[setup in-reg] wbs_dat_i[28] -> _7213_/D : -0.624926
[setup in-reg] wbs_dat_i[28] -> _7709_/D : -0.616382
[setup in-reg] wbs_dat_i[28] -> _7021_/D : -0.595353
[setup in-reg] wbs_dat_i[28] -> _7181_/D : -0.590113
[setup in-reg] wbs_dat_i[28] -> _7261_/D : -0.548219
[setup in-reg] wbs_dat_i[28] -> _6986_/D : -0.531838
[setup in-reg] wbs_dat_i[28] -> _7344_/D : -0.518980
[setup in-reg] wbs_dat_i[28] -> _7901_/D : -0.516927
[setup in-reg] wbs_dat_i[28] -> _6930_/D : -0.502673
[setup in-reg] wbs_dat_i[28] -> _7243_/D : -0.473328
[setup in-reg] wbs_dat_i[28] -> _7053_/D : -0.455788
[setup in-reg] wbs_dat_i[28] -> _7435_/D : -0.452513
[setup in-reg] wbs_dat_i[28] -> _7648_/D : -0.446416
[setup in-reg] wbs_dat_i[28] -> _7421_/D : -0.441911
[setup in-reg] wbs_dat_i[28] -> _7952_/D : -0.433094
[setup in-reg] wbs_dat_i[28] -> _7136_/D : -0.432024
[setup in-reg] wbs_dat_i[28] -> _7248_/D : -0.416296
[setup in-reg] wbs_dat_i[28] -> _7119_/D : -0.402395
[setup in-reg] wbs_dat_i[28] -> _7504_/D : -0.400554
[setup in-reg] wbs_dat_i[28] -> _7083_/D : -0.386517
[setup in-reg] wbs_dat_i[28] -> _7339_/D : -0.380673
[setup in-reg] wbs_dat_i[28] -> _7403_/D : -0.376676
[setup in-reg] wbs_dat_i[28] -> _7088_/D : -0.375227
[setup in-reg] wbs_dat_i[28] -> _7725_/D : -0.368260
[setup in-reg] wbs_dat_i[28] -> _7965_/D : -0.362213
[setup in-reg] wbs_dat_i[28] -> _7787_/D : -0.357499
[setup in-reg] wbs_dat_i[28] -> _7069_/D : -0.356778
[setup in-reg] wbs_dat_i[28] -> _7360_/D : -0.347676
[setup in-reg] wbs_dat_i[28] -> _6983_/D : -0.346791
[setup in-reg] wbs_dat_i[28] -> _7533_/D : -0.346365
[setup in-reg] wbs_dat_i[28] -> _7296_/D : -0.343544
[setup in-reg] wbs_dat_i[28] -> _7469_/D : -0.342542
[setup in-reg] wbs_dat_i[28] -> _7773_/D : -0.320256
[setup in-reg] wbs_dat_i[28] -> _7408_/D : -0.308329
[setup in-reg] wbs_dat_i[28] -> _7613_/D : -0.305828
[setup in-reg] wbs_dat_i[28] -> _7104_/D : -0.300172
[setup in-reg] wbs_dat_i[28] -> _7869_/D : -0.299675
[setup in-reg] wbs_dat_i[28] -> _7823_/D : -0.291301
[setup in-reg] wbs_dat_i[28] -> _7728_/D : -0.269317
[setup in-reg] wbs_dat_i[28] -> _7984_/D : -0.265011
[setup in-reg] wbs_dat_i[28] -> _7232_/D : -0.263668
[setup in-reg] wbs_dat_i[28] -> _7743_/D : -0.237453
[setup in-reg] wbs_dat_i[28] -> _7584_/D : -0.233271
[setup in-reg] wbs_dat_i[28] -> _7888_/D : -0.211369
[setup in-reg] wbs_dat_i[28] -> _7567_/D : -0.196618
[setup in-reg] wbs_dat_i[28] -> _7855_/D : -0.190738
[setup in-reg] wbs_dat_i[28] -> _7247_/D : -0.183491
[setup in-reg] wbs_dat_i[28] -> _7072_/D : -0.178524
[setup in-reg] wbs_dat_i[28] -> _7568_/D : -0.169880
[setup in-reg] wbs_dat_i[28] -> _7871_/D : -0.104233
[setup in-reg] wbs_dat_i[28] -> _7183_/D : -0.100517
[setup in-reg] wbs_dat_i[28] -> _7229_/D : -0.095550
[setup in-reg] wbs_dat_i[28] -> _7581_/D : -0.044917
