Clock: clk
Sources: wb_clk_i 
Generated: no
Virtual: yes
Propagated: no
Period: 30.000000

===========================================================================
report_clock_properties
============================================================================
Clock                   Period          Waveform
----------------------------------------------------
clk                  30.000000    0.000000 15.000000

===========================================================================
report_clock_latency
============================================================================
Clock clk
rise -> rise
    min     max
4.650000 5.570000 source latency
5.909197         network latency _7004_/CLK
        7.658091 network latency mprj.synapse_matrix_inst.X1_inst/wb_clk_i
---------------
10.559196 13.228091 latency
        2.668895 skew

fall -> fall
    min     max
4.650000 5.570000 source latency
5.954379         network latency _7004_/CLK
        7.593156 network latency mprj.synapse_matrix_inst.X1_inst/wb_clk_i
---------------
10.604378 13.163157 latency
        2.558778 skew



===========================================================================
report_clock_min_period
============================================================================
clk period_min = 14.50 fmax = 68.94
