
===========================================================================
 report_power
============================================================================
======================= max_tt_025C_1v80 Corner ===================================

Group                    Internal    Switching      Leakage        Total
                            Power        Power        Power        Power (Watts)
------------------------------------------------------------------------
Sequential           2.039821e-03 1.182648e-04 1.393986e-08 2.158099e-03  17.7%
Combinational        3.127766e-03 3.704240e-03 3.476590e-08 6.832041e-03  56.1%
Clock                1.680524e-03 1.245629e-03 1.484605e-08 2.926168e-03  24.0%
Macro                2.618133e-04 1.305859e-06 2.302500e-09 2.631215e-04   2.2%
Pad                  0.000000e+00 0.000000e+00 0.000000e+00 0.000000e+00   0.0%
------------------------------------------------------------------------
Total                7.109914e-03 5.069447e-03 6.585364e-08 1.217943e-02 100.0%
                            58.4%        41.6%         0.0%

