┏━━━━━━━━━━━━━━━━━━━━━━┳━━━━━━━━━━┳━━━━━━━━━━┳━━━━━━━━━━┳━━━━━━━━━━┳━━━━━━━━━━━┳━━━━━━━━━━┳━━━━━━━━━━━┳━━━━━━━━━━┳━━━━━━━━━━━┳━━━━━━━━━━┳━━━━━━━━━━━┳━━━━━━━━━━┓
┃                      ┃ Hold     ┃ Reg to   ┃          ┃          ┃ of which  ┃ Setup    ┃           ┃          ┃           ┃ of which ┃           ┃          ┃
┃                      ┃ Worst    ┃ Reg      ┃          ┃ Hold Vio ┃ reg to    ┃ Worst    ┃ Reg to    ┃ Setup    ┃ Setup Vio ┃ reg to   ┃ Max Cap   ┃ Max Slew ┃
┃ Corner/Group         ┃ Slack    ┃ Paths    ┃ Hold TNS ┃ Count    ┃ reg       ┃ Slack    ┃ Reg Paths ┃ TNS      ┃ Count     ┃ reg      ┃ Violatio… ┃ Violati… ┃
┡━━━━━━━━━━━━━━━━━━━━━━╇━━━━━━━━━━╇━━━━━━━━━━╇━━━━━━━━━━╇━━━━━━━━━━╇━━━━━━━━━━━╇━━━━━━━━━━╇━━━━━━━━━━━╇━━━━━━━━━━╇━━━━━━━━━━━╇━━━━━━━━━━╇━━━━━━━━━━━╇━━━━━━━━━━┩
│ Overall              │ 1.8262   │ 2.0067   │ 0.0000   │ 0        │ 0         │ -2.2179  │ 11.4459   │ -118.54… │ 363       │ 0        │ 11        │ 148      │
│ nom_tt_025C_1v80     │ 2.6414   │ 3.0597   │ 0.0000   │ 0        │ 0         │ 11.3161  │ N/A       │ 0.0000   │ 0         │ 0        │ 1         │ 10       │
│ nom_ss_100C_1v60     │ 5.1496   │ 6.2649   │ 0.0000   │ 0        │ 0         │ -1.8908  │ N/A       │ -83.9569 │ 125       │ 0        │ 9         │ 109      │
│ nom_ff_n40C_1v95     │ 1.8687   │ 2.0090   │ 0.0000   │ 0        │ 0         │ 13.3728  │ N/A       │ 0.0000   │ 0         │ 0        │ 0         │ 0        │
│ min_tt_025C_1v80     │ 2.6764   │ 3.0559   │ 0.0000   │ 0        │ 0         │ 11.5334  │ N/A       │ 0.0000   │ 0         │ 0        │ 0         │ 0        │
│ min_ss_100C_1v60     │ 5.1518   │ 6.2592   │ 0.0000   │ 0        │ 0         │ -1.5382  │ N/A       │ -55.4602 │ 98        │ 0        │ 7         │ 80       │
│ min_ff_n40C_1v95     │ 1.9068   │ 2.0067   │ 0.0000   │ 0        │ 0         │ 13.3737  │ N/A       │ 0.0000   │ 0         │ 0        │ 0         │ 0        │
│ max_tt_025C_1v80     │ 2.5884   │ 3.0632   │ 0.0000   │ 0        │ 0         │ 11.0984  │ N/A       │ 0.0000   │ 0         │ 0        │ 1         │ 13       │
│ max_ss_100C_1v60     │ 5.1069   │ 6.2687   │ 0.0000   │ 0        │ 0         │ -2.2179  │ 11.4459   │ -118.54… │ 140       │ 0        │ 11        │ 148      │
│ max_ff_n40C_1v95     │ 1.8262   │ 2.0095   │ 0.0000   │ 0        │ 0         │ 13.3686  │ N/A       │ 0.0000   │ 0         │ 0        │ 0         │ 0        │
└──────────────────────┴──────────┴──────────┴──────────┴──────────┴───────────┴──────────┴───────────┴──────────┴───────────┴──────────┴───────────┴──────────┘
