┏━━━━━━━━━━━━━━━━━━━━━━┳━━━━━━━━━━┳━━━━━━━━━━┳━━━━━━━━━━┳━━━━━━━━━━┳━━━━━━━━━━━┳━━━━━━━━━━┳━━━━━━━━━━━┳━━━━━━━━━━┳━━━━━━━━━━━┳━━━━━━━━━━┳━━━━━━━━━━━┳━━━━━━━━━━┓
┃                      ┃ Hold     ┃ Reg to   ┃          ┃          ┃ of which  ┃ Setup    ┃           ┃          ┃           ┃ of which ┃           ┃          ┃
┃                      ┃ Worst    ┃ Reg      ┃          ┃ Hold Vio ┃ reg to    ┃ Worst    ┃ Reg to    ┃ Setup    ┃ Setup Vio ┃ reg to   ┃ Max Cap   ┃ Max Slew ┃
┃ Corner/Group         ┃ Slack    ┃ Paths    ┃ Hold TNS ┃ Count    ┃ reg       ┃ Slack    ┃ Reg Paths ┃ TNS      ┃ Count     ┃ reg      ┃ Violatio… ┃ Violati… ┃
┡━━━━━━━━━━━━━━━━━━━━━━╇━━━━━━━━━━╇━━━━━━━━━━╇━━━━━━━━━━╇━━━━━━━━━━╇━━━━━━━━━━━╇━━━━━━━━━━╇━━━━━━━━━━━╇━━━━━━━━━━╇━━━━━━━━━━━╇━━━━━━━━━━╇━━━━━━━━━━━╇━━━━━━━━━━┩
│ Overall              │ 0.0381   │ 0.5106   │ 0.0000   │ 0        │ 0         │ 4.2865   │ N/A       │ 0.0000   │ 0         │ 0        │ 15        │ 168      │
│ nom_tt_025C_1v80     │ 0.2091   │ 0.9180   │ 0.0000   │ 0        │ 0         │ 13.3834  │ N/A       │ 0.0000   │ 0         │ 0        │ 0         │ 1        │
│ nom_ss_100C_1v60     │ 0.1710   │ 2.0878   │ 0.0000   │ 0        │ 0         │ 4.6527   │ N/A       │ 0.0000   │ 0         │ 0        │ 11        │ 128      │
│ nom_ff_n40C_1v95     │ 0.3772   │ 0.5161   │ 0.0000   │ 0        │ 0         │ 13.3020  │ N/A       │ 0.0000   │ 0         │ 0        │ 0         │ 0        │
│ min_tt_025C_1v80     │ 0.2804   │ 0.9118   │ 0.0000   │ 0        │ 0         │ 13.3661  │ N/A       │ 0.0000   │ 0         │ 0        │ 0         │ 1        │
│ min_ss_100C_1v60     │ 0.2529   │ 2.0777   │ 0.0000   │ 0        │ 0         │ 5.0028   │ N/A       │ 0.0000   │ 0         │ 0        │ 11        │ 126      │
│ min_ff_n40C_1v95     │ 0.4165   │ 0.5106   │ 0.0000   │ 0        │ 0         │ 13.2990  │ N/A       │ 0.0000   │ 0         │ 0        │ 0         │ 0        │
│ max_tt_025C_1v80     │ 0.1161   │ 0.9246   │ 0.0000   │ 0        │ 0         │ 13.4000  │ N/A       │ 0.0000   │ 0         │ 0        │ 1         │ 15       │
│ max_ss_100C_1v60     │ 0.0381   │ 2.0990   │ 0.0000   │ 0        │ 0         │ 4.2865   │ N/A       │ 0.0000   │ 0         │ 0        │ 15        │ 168      │
│ max_ff_n40C_1v95     │ 0.3082   │ 0.5207   │ 0.0000   │ 0        │ 0         │ 13.2962  │ N/A       │ 0.0000   │ 0         │ 0        │ 0         │ 0        │
└──────────────────────┴──────────┴──────────┴──────────┴──────────┴───────────┴──────────┴───────────┴──────────┴───────────┴──────────┴───────────┴──────────┘
