Clock: clk
Sources: wb_clk_i 
Generated: no
Virtual: yes
Propagated: no
Period: 30.000000

===========================================================================
report_clock_properties
============================================================================
Clock                   Period          Waveform
----------------------------------------------------
clk                  30.000000    0.000000 15.000000

===========================================================================
report_clock_latency
============================================================================
Clock clk
rise -> rise
    min     max
4.650000 5.570000 source latency
5.704910         network latency _09771_/CLK
        7.374924 network latency mprj.synapse_matrix_inst.X1_inst/wb_clk_i
---------------
10.354910 12.944923 latency
        2.590014 skew

fall -> fall
    min     max
4.650000 5.570000 source latency
5.792394         network latency _09771_/CLK
        7.328852 network latency mprj.synapse_matrix_inst.X1_inst/wb_clk_i
---------------
10.442394 12.898852 latency
        2.456458 skew



===========================================================================
report_clock_min_period
============================================================================
clk period_min = 10.84 fmax = 92.21
