
===========================================================================
 report_power
============================================================================
======================= min_tt_025C_1v80 Corner ===================================

Group                    Internal    Switching      Leakage        Total
                            Power        Power        Power        Power (Watts)
------------------------------------------------------------------------
Sequential           2.170737e-03 1.209174e-04 1.352478e-08 2.291668e-03  15.6%
Combinational        6.144289e-03 3.536607e-03 5.204344e-08 9.680948e-03  65.8%
Clock                1.410654e-03 1.061346e-03 1.427191e-08 2.472015e-03  16.8%
Macro                2.618133e-04 9.067724e-07 2.302500e-09 2.627224e-04   1.8%
Pad                  0.000000e+00 0.000000e+00 0.000000e+00 0.000000e+00   0.0%
------------------------------------------------------------------------
Total                9.987524e-03 4.719787e-03 8.213830e-08 1.470739e-02 100.0%
                            67.9%        32.1%         0.0%

