
===========================================================================
 report_power
============================================================================
======================= min_tt_025C_1v80 Corner ===================================

Group                    Internal    Switching      Leakage        Total
                            Power        Power        Power        Power (Watts)
------------------------------------------------------------------------
Sequential           2.039973e-03 1.085369e-04 1.393986e-08 2.148524e-03  18.5%
Combinational        3.125390e-03 3.272159e-03 3.476590e-08 6.397584e-03  55.1%
Clock                1.679087e-03 1.126342e-03 1.484605e-08 2.805444e-03  24.2%
Macro                2.618133e-04 1.154267e-06 2.302500e-09 2.629699e-04   2.3%
Pad                  0.000000e+00 0.000000e+00 0.000000e+00 0.000000e+00   0.0%
------------------------------------------------------------------------
Total                7.106274e-03 4.508195e-03 6.585364e-08 1.161453e-02 100.0%
                            61.2%        38.8%         0.0%

