Clock: clk
Sources: wb_clk_i 
Generated: no
Virtual: yes
Propagated: no
Period: 30.000000

===========================================================================
report_clock_properties
============================================================================
Clock                   Period          Waveform
----------------------------------------------------
clk                  30.000000    0.000000 15.000000

===========================================================================
report_clock_latency
============================================================================
Clock clk
rise -> rise
    min     max
4.650000 5.570000 source latency
5.393997         network latency _09771_/CLK
        6.881854 network latency mprj.synapse_matrix_inst.X1_inst/wb_clk_i
---------------
10.043997 12.451854 latency
        2.407857 skew

fall -> fall
    min     max
4.650000 5.570000 source latency
5.554798         network latency _09771_/CLK
        6.981459 network latency mprj.synapse_matrix_inst.X1_inst/wb_clk_i
---------------
10.204798 12.551459 latency
        2.346662 skew



===========================================================================
report_clock_min_period
============================================================================
clk period_min = 7.45 fmax = 134.23
