
===========================================================================
 report_power
============================================================================
======================= nom_ff_n40C_1v95 Corner ===================================

Group                    Internal    Switching      Leakage        Total
                            Power        Power        Power        Power (Watts)
------------------------------------------------------------------------
Sequential           2.513725e-03 1.535022e-04 1.641574e-08 2.667244e-03  15.2%
Combinational        7.209611e-03 4.466971e-03 2.154929e-07 1.167680e-02  66.5%
Clock                1.619256e-03 1.322701e-03 2.836945e-08 2.941986e-03  16.8%
Macro                2.618133e-04 9.999854e-07 2.302500e-09 2.628156e-04   1.5%
Pad                  0.000000e+00 0.000000e+00 0.000000e+00 0.000000e+00   0.0%
------------------------------------------------------------------------
Total                1.160437e-02 5.944182e-03 2.625828e-07 1.754882e-02 100.0%
                            66.1%        33.9%         0.0%

