Clock: clk
Sources: wb_clk_i 
Generated: no
Virtual: yes
Propagated: no
Period: 30.000000

===========================================================================
report_clock_properties
============================================================================
Clock                   Period          Waveform
----------------------------------------------------
clk                  30.000000    0.000000 15.000000

===========================================================================
report_clock_latency
============================================================================
Clock clk
rise -> rise
    min     max
4.650000 5.570000 source latency
6.525498         network latency _09771_/CLK
        8.801749 network latency mprj.synapse_matrix_inst.X1_inst/wb_clk_i
---------------
11.175498 14.371749 latency
        3.196250 skew

fall -> fall
    min     max
4.650000 5.570000 source latency
6.504600         network latency _09771_/CLK
        8.531758 network latency mprj.synapse_matrix_inst.X1_inst/wb_clk_i
---------------
11.154599 14.101758 latency
        2.947159 skew



===========================================================================
report_clock_min_period
============================================================================
clk period_min = 21.35 fmax = 46.84
