
===========================================================================
 report_power
============================================================================
======================= nom_ss_100C_1v60 Corner ===================================

Group                    Internal    Switching      Leakage        Total
                            Power        Power        Power        Power (Watts)
------------------------------------------------------------------------
Sequential           1.580695e-03 8.690898e-05 2.096529e-05 1.688569e-03  17.7%
Combinational        2.480951e-03 2.750903e-03 4.229862e-05 5.274153e-03  55.4%
Clock                1.366265e-03 9.281164e-04 6.342866e-06 2.300724e-03  24.2%
Macro                2.618133e-04 1.259593e-06 2.302500e-09 2.630752e-04   2.8%
Pad                  0.000000e+00 0.000000e+00 0.000000e+00 0.000000e+00   0.0%
------------------------------------------------------------------------
Total                5.689718e-03 3.767189e-03 6.960769e-05 9.526515e-03 100.0%
                            59.7%        39.5%         0.7%

