
===========================================================================
 report_power
============================================================================
======================= nom_ss_100C_1v60 Corner ===================================

Group                    Internal    Switching      Leakage        Total
                            Power        Power        Power        Power (Watts)
------------------------------------------------------------------------
Sequential           1.690232e-03 9.493505e-05 2.118712e-05 1.806354e-03  15.1%
Combinational        4.823600e-03 2.952741e-03 6.564568e-05 7.841988e-03  65.7%
Clock                1.148016e-03 8.768340e-04 5.441561e-06 2.030292e-03  17.0%
Macro                2.618133e-04 1.001676e-06 2.302500e-09 2.628173e-04   2.2%
Pad                  0.000000e+00 0.000000e+00 0.000000e+00 0.000000e+00   0.0%
------------------------------------------------------------------------
Total                7.923663e-03 3.925509e-03 9.227345e-05 1.194145e-02 100.0%
                            66.4%        32.9%         0.8%

