
===========================================================================
Violator List
============================================================================
[setup in-reg] wbs_dat_i[28] -> _7468_/D : -1.890825
[setup in-reg] wbs_dat_i[28] -> _7724_/D : -1.858865
[setup in-reg] wbs_dat_i[28] -> _7932_/D : -1.851202
[setup in-reg] wbs_dat_i[28] -> _7564_/D : -1.838419
[setup in-reg] wbs_dat_i[28] -> _7260_/D : -1.727269
[setup in-reg] wbs_dat_i[28] -> _7788_/D : -1.706688
[setup in-reg] wbs_dat_i[28] -> _7404_/D : -1.703928
[setup in-reg] wbs_dat_i[28] -> _7660_/D : -1.692502
[setup in-reg] wbs_dat_i[28] -> _7676_/D : -1.401329
[setup in-reg] wbs_dat_i[28] -> _7852_/D : -1.355783
[setup in-reg] wbs_dat_i[28] -> _7820_/D : -1.333113
[setup in-reg] wbs_dat_i[28] -> _7900_/D : -1.315126
[setup in-reg] wbs_dat_i[28] -> _7164_/D : -1.312927
[setup in-reg] wbs_dat_i[28] -> _7132_/D : -1.301761
[setup in-reg] wbs_dat_i[28] -> _7933_/D : -1.051948
[setup in-reg] wbs_dat_i[28] -> _7245_/D : -1.036796
[setup in-reg] wbs_dat_i[28] -> _7741_/D : -1.033026
[setup in-reg] wbs_dat_i[28] -> _7949_/D : -1.025064
[setup in-reg] wbs_dat_i[28] -> _7341_/D : -1.013728
[setup in-reg] wbs_dat_i[28] -> _7645_/D : -1.011713
[setup in-reg] wbs_dat_i[28] -> _7405_/D : -1.011259
[setup in-reg] wbs_dat_i[28] -> _7501_/D : -0.979817
[setup in-reg] wbs_dat_i[28] -> _7904_/D : -0.972953
[setup in-reg] wbs_dat_i[28] -> _7165_/D : -0.967873
[setup in-reg] wbs_dat_i[28] -> _7277_/D : -0.966420
[setup in-reg] wbs_dat_i[28] -> _7373_/D : -0.964921
[setup in-reg] wbs_dat_i[28] -> _7117_/D : -0.948880
[setup in-reg] wbs_dat_i[28] -> _7101_/D : -0.947889
[setup in-reg] wbs_dat_i[28] -> _7677_/D : -0.946432
[setup in-reg] wbs_dat_i[28] -> _7520_/D : -0.886423
[setup in-reg] wbs_dat_i[28] -> _7085_/D : -0.872614
[setup in-reg] wbs_dat_i[28] -> _7760_/D : -0.866539
[setup in-reg] wbs_dat_i[28] -> _7872_/D : -0.866116
[setup in-reg] wbs_dat_i[28] -> _7040_/D : -0.858527
[setup in-reg] wbs_dat_i[28] -> _7293_/D : -0.858460
[setup in-reg] wbs_dat_i[28] -> _7840_/D : -0.853436
[setup in-reg] wbs_dat_i[28] -> _6926_/D : -0.851308
[setup in-reg] wbs_dat_i[28] -> _7120_/D : -0.851255
[setup in-reg] wbs_dat_i[28] -> _7964_/D : -0.843912
[setup in-reg] wbs_dat_i[28] -> _7536_/D : -0.841631
[setup in-reg] wbs_dat_i[28] -> _7808_/D : -0.837950
[setup in-reg] wbs_dat_i[28] -> _7452_/D : -0.832223
[setup in-reg] wbs_dat_i[28] -> _7517_/D : -0.829697
[setup in-reg] wbs_dat_i[28] -> _7456_/D : -0.825210
[setup in-reg] wbs_dat_i[28] -> _7037_/D : -0.816780
[setup in-reg] wbs_dat_i[28] -> _7757_/D : -0.813831
[setup in-reg] wbs_dat_i[28] -> _7244_/D : -0.809891
[setup in-reg] wbs_dat_i[28] -> _7024_/D : -0.805404
[setup in-reg] wbs_dat_i[28] -> _7936_/D : -0.802778
[setup in-reg] wbs_dat_i[28] -> _7968_/D : -0.792941
[setup in-reg] wbs_dat_i[28] -> _7824_/D : -0.790088
[setup in-reg] wbs_dat_i[28] -> _7837_/D : -0.786848
[setup in-reg] wbs_dat_i[28] -> _7661_/D : -0.786194
[setup in-reg] wbs_dat_i[28] -> _7133_/D : -0.779743
[setup in-reg] wbs_dat_i[28] -> _7616_/D : -0.777170
[setup in-reg] wbs_dat_i[28] -> _7821_/D : -0.777039
[setup in-reg] wbs_dat_i[28] -> _7005_/D : -0.771756
[setup in-reg] wbs_dat_i[28] -> _7853_/D : -0.769543
[setup in-reg] wbs_dat_i[28] -> _7792_/D : -0.767830
[setup in-reg] wbs_dat_i[28] -> _7805_/D : -0.758803
[setup in-reg] wbs_dat_i[28] -> _7453_/D : -0.752923
[setup in-reg] wbs_dat_i[28] -> _7789_/D : -0.748887
[setup in-reg] wbs_dat_i[28] -> _7472_/D : -0.703082
[setup in-reg] wbs_dat_i[28] -> _7776_/D : -0.651596
[setup in-reg] wbs_dat_i[28] -> _7184_/D : -0.649493
[setup in-reg] wbs_dat_i[28] -> _7856_/D : -0.646477
[setup in-reg] wbs_dat_i[28] -> _7437_/D : -0.634302
[setup in-reg] wbs_dat_i[28] -> _7216_/D : -0.626326
[setup in-reg] wbs_dat_i[28] -> _7664_/D : -0.620396
[setup in-reg] wbs_dat_i[28] -> _7712_/D : -0.603944
[setup in-reg] wbs_dat_i[28] -> _7280_/D : -0.597094
[setup in-reg] wbs_dat_i[28] -> _7615_/D : -0.568605
[setup in-reg] wbs_dat_i[28] -> _7071_/D : -0.528708
[setup in-reg] wbs_dat_i[28] -> _7885_/D : -0.528079
[setup in-reg] wbs_dat_i[28] -> _7565_/D : -0.521201
[setup in-reg] wbs_dat_i[28] -> _7325_/D : -0.508639
[setup in-reg] wbs_dat_i[28] -> _7135_/D : -0.507161
[setup in-reg] wbs_dat_i[28] -> _7967_/D : -0.504858
[setup in-reg] wbs_dat_i[28] -> _7471_/D : -0.501142
[setup in-reg] wbs_dat_i[28] -> _7167_/D : -0.495710
[setup in-reg] wbs_dat_i[28] -> _7357_/D : -0.482203
[setup in-reg] wbs_dat_i[28] -> _7935_/D : -0.481165
[setup in-reg] wbs_dat_i[28] -> _7263_/D : -0.474216
[setup in-reg] wbs_dat_i[28] -> _7981_/D : -0.456257
[setup in-reg] wbs_dat_i[28] -> _7549_/D : -0.444555
[setup in-reg] wbs_dat_i[28] -> _7629_/D : -0.431040
[setup in-reg] wbs_dat_i[28] -> _6927_/D : -0.425700
[setup in-reg] wbs_dat_i[28] -> _7213_/D : -0.395318
[setup in-reg] wbs_dat_i[28] -> _7709_/D : -0.392571
[setup in-reg] wbs_dat_i[28] -> _7021_/D : -0.385434
[setup in-reg] wbs_dat_i[28] -> _7181_/D : -0.363649
[setup in-reg] wbs_dat_i[28] -> _7261_/D : -0.339188
[setup in-reg] wbs_dat_i[28] -> _6986_/D : -0.317030
[setup in-reg] wbs_dat_i[28] -> _7901_/D : -0.296325
[setup in-reg] wbs_dat_i[28] -> _7344_/D : -0.295408
[setup in-reg] wbs_dat_i[28] -> _6930_/D : -0.284324
[setup in-reg] wbs_dat_i[28] -> _7053_/D : -0.242430
[setup in-reg] wbs_dat_i[28] -> _7421_/D : -0.235669
[setup in-reg] wbs_dat_i[28] -> _7725_/D : -0.175760
[setup in-reg] wbs_dat_i[28] -> _7965_/D : -0.167532
[setup in-reg] wbs_dat_i[28] -> _7069_/D : -0.162952
[setup in-reg] wbs_dat_i[28] -> _7533_/D : -0.153900
[setup in-reg] wbs_dat_i[28] -> _6983_/D : -0.153360
[setup in-reg] wbs_dat_i[28] -> _7119_/D : -0.143199
[setup in-reg] wbs_dat_i[28] -> _7469_/D : -0.142450
[setup in-reg] wbs_dat_i[28] -> _7648_/D : -0.135234
[setup in-reg] wbs_dat_i[28] -> _7136_/D : -0.131660
[setup in-reg] wbs_dat_i[28] -> _7952_/D : -0.123414
[setup in-reg] wbs_dat_i[28] -> _7613_/D : -0.117929
[setup in-reg] wbs_dat_i[28] -> _7408_/D : -0.110582
[setup in-reg] wbs_dat_i[28] -> _7248_/D : -0.108489
[setup in-reg] wbs_dat_i[28] -> _7104_/D : -0.104226
[setup in-reg] wbs_dat_i[28] -> _7773_/D : -0.100275
[setup in-reg] wbs_dat_i[28] -> _7504_/D : -0.095579
[setup in-reg] wbs_dat_i[28] -> _7869_/D : -0.081954
[setup in-reg] wbs_dat_i[28] -> _7088_/D : -0.079378
[setup in-reg] wbs_dat_i[28] -> _7728_/D : -0.072845
[setup in-reg] wbs_dat_i[28] -> _7232_/D : -0.072447
[setup in-reg] wbs_dat_i[28] -> _7984_/D : -0.070777
[setup in-reg] wbs_dat_i[28] -> _7360_/D : -0.057355
[setup in-reg] wbs_dat_i[28] -> _7296_/D : -0.051156
[setup in-reg] wbs_dat_i[28] -> _7243_/D : -0.047773
[setup in-reg] wbs_dat_i[28] -> _7584_/D : -0.045457
[setup in-reg] wbs_dat_i[28] -> _7888_/D : -0.032731
[setup in-reg] wbs_dat_i[28] -> _7435_/D : -0.026965
